<html>
<body>
<pre>
<h1>µVision Build Log</h1>
<h2>Tool Versions:</h2>
IDE-Version: µVision V5.17.0.0
Copyright (C) 2015 ARM Ltd and ARM Germany GmbH. All rights reserved.
License Information: 123 User, UralSOFT, LIC=W9612-99X7H-15NTV-P8F1P-GZ9PY-CYWV2
 
Tool Versions:
Toolchain:       MDK-ARM Professional  Version: 5.17
Toolchain Path:  C:\Keil_v5\ARM\ARMCC\Bin
C Compiler:      Armcc.exe V5.06 update 1 (build 61)
Assembler:       Armasm.exe V5.06 update 1 (build 61)
Linker/Locator:  ArmLink.exe V5.06 update 1 (build 61)
Library Manager: ArmAr.exe V5.06 update 1 (build 61)
Hex Converter:   FromElf.exe V5.06 update 1 (build 61)
CPU DLL:         SARMCM3.DLL V5.17
Dialog DLL:      DARMCM1.DLL V1.12.0.0
Target DLL:      STLink\ST-LINKIII-KEIL_SWO.dll V2.0.18.0
Dialog DLL:      TARMCM1.DLL V1.9.0.0
 
<h2>Project:</h2>
D:\Work\GNSS\gps\gps\Projects\gps\MDK-ARM\STM32L053R8-Nucleo\Project.uvprojx
Project File Date:  03/30/2016

<h2>Output:</h2>
*** Using Compiler 'V5.06 update 1 (build 61)', folder: 'C:\Keil_v5\ARM\ARMCC\Bin'
Build target 'STM32L051_NUCLEO'
compiling GPRS_Shield_Arduino.c...
..\..\Inc\GPRS_Shield_Arduino.h(52): warning:  #1295-D: Deprecated declaration GSM_Task - give arg types
  		void GSM_Task();
..\..\Inc\GPRS_Shield_Arduino.h(58): warning:  #1295-D: Deprecated declaration GSM_Init - give arg types
  		void GSM_Init();    
..\..\Inc\GPRS_Shield_Arduino.h(73): warning:  #1295-D: Deprecated declaration powerUpDown - give arg types
      void powerUpDown();
..\..\Inc\GPRS_Shield_Arduino.h(297): warning:  #1295-D: Deprecated declaration GetMoney - give arg types
  		void GetMoney();
..\..\Inc\GPRS_Shield_Arduino.h(299): warning:  #1295-D: Deprecated declaration GetSignalLevel - give arg types
  		void GetSignalLevel();
..\..\Inc\debug.h(12): warning:  #1295-D: Deprecated declaration InitDebugUart - give arg types
  int InitDebugUart();
..\..\Inc\accelero.h(15): warning:  #1295-D: Deprecated declaration ACCELERO_Init - give arg types
  void ACCELERO_Init();
..\..\Inc\accelero.h(16): warning:  #1295-D: Deprecated declaration Get_Accelero_State - give arg types
  uint8_t Get_Accelero_State();
..\..\Inc\accelero.h(17): warning:  #1295-D: Deprecated declaration Get_Free_Fall_State - give arg types
  uint8_t Get_Free_Fall_State();
..\..\Inc\accelero.h(18): warning:  #1295-D: Deprecated declaration Accelero_Task - give arg types
  void Accelero_Task();
..\..\Inc\accelero.h(19): warning:  #1295-D: Deprecated declaration Get_ACC_Data - give arg types
  SensorAxesRaw_t * Get_ACC_Data();
..\..\Inc\accelero.h(20): warning:  #1295-D: Deprecated declaration Get_GYRO_Data - give arg types
  SensorAxesRaw_t * Get_GYRO_Data();
..\..\Inc\accelero.h(23): warning:  #1-D: last line of file ends without a newline
  #endif
..\..\Inc\command.h(19): warning:  #1295-D: Deprecated declaration Command_Init - give arg types
  void Command_Init();
..\..\Inc\command.h(20): warning:  #1295-D: Deprecated declaration Command_Task - give arg types
  void Command_Task();
..\..\Inc\command.h(26): warning:  #1295-D: Deprecated declaration IsDataToSend - give arg types
  uint8_t IsDataToSend();
..\..\Src\GPRS_Shield_Arduino.c(197): warning:  #167-D: argument of type "uint8_t *" is incompatible with parameter of type "const char *"
  					if(send(data, data_size) == data_size)
..\..\Src\GPRS_Shield_Arduino.c(227): warning:  #167-D: argument of type "uint8_t *" is incompatible with parameter of type "char *"
  				while((data_size =  recv(tmp_data, 256)) == -1)
..\..\Src\GPRS_Shield_Arduino.c(227): warning:  #68-D: integer conversion resulted in a change of sign
  				while((data_size =  recv(tmp_data, 256)) == -1)
..\..\Src\GPRS_Shield_Arduino.c(242): warning:  #167-D: argument of type "uint8_t *" is incompatible with parameter of type "const char *"
  					if(send(answer, data_size) == data_size)
..\..\Src\GPRS_Shield_Arduino.c(160): warning:  #177-D: variable "ptr_gps_msg" was declared but never referenced
  	char * ptr_gps_msg = 0;
..\..\Src\GPRS_Shield_Arduino.c(286): warning:  #177-D: variable "count" was declared but never referenced
      int count = 0;    		
..\..\Src\GPRS_Shield_Arduino.c(395): warning:  #223-D: function "atoi" declared implicitly
                  return atoi(s+1);
..\..\Src\GPRS_Shield_Arduino.c(398): warning:  #68-D: integer conversion resulted in a change of sign
              return -1; 
..\..\Src\GPRS_Shield_Arduino.c(402): warning:  #68-D: integer conversion resulted in a change of sign
      return -1;
..\..\Src\GPRS_Shield_Arduino.c(681): warning:  #223-D: function "atoi" declared implicitly
  		*buffer = atoi(buffers);
..\..\Src\GPRS_Shield_Arduino.c(881): warning:  #223-D: function "atoi" declared implicitly
  				int num_recv_byte = atoi(number);
..\..\Src\GPRS_Shield_Arduino.c(914): warning:  #223-D: function "atoi" declared implicitly
          ip |= atoi(p);
..\..\Src\GPRS_Shield_Arduino.c: 28 warnings, 0 errors
linking...
Program Size: Code=36504 RO-data=664 RW-data=488 ZI-data=6304  
"STM32L053R8_NUCLEO\STM32L053R8_NUCLEO.axf" - 0 Error(s), 28 Warning(s).

<h2>Software Packages used:</h2>

Package Vendor: ARM
                http://www.keil.com/pack/ARM.CMSIS.4.5.0.pack
                ARM::CMSIS:CORE:4.3.0
                CMSIS (Cortex Microcontroller Software Interface Standard)
   * Component: CORE Version: 4.3.0

<h2>Collection of Component include folders:</h2>
  D:\Work\GNSS\gps\gps\Projects\gps\MDK-ARM\STM32L053R8-Nucleo\RTE
  C:\Keil_v5\ARM\PACK\ARM\CMSIS\4.5.0\CMSIS\Include
  C:\Keil_v5\ARM\PACK\Keil\STM32L0xx_DFP\1.4.0\Device\Include

<h2>Collection of Component Files used:</h2>

   * Component: ARM::CMSIS:CORE:4.3.0
Build Time Elapsed:  00:00:01
</pre>
</body>
</html>
